src/components/Hero.tsx(9,1): error TS6133: 'chakra' is declared but its value is never read.
src/components/Services.tsx(1,8): error TS6133: 'React' is declared but its value is never read.
src/components/ui/accordion.tsx(2,37): error TS2307: Cannot find module '@radix-ui/react-accordion' or its corresponding type declarations.
src/components/ui/alert-dialog.tsx(2,39): error TS2307: Cannot find module '@radix-ui/react-alert-dialog' or its corresponding type declarations.
src/components/ui/aspect-ratio.tsx(1,39): error TS2307: Cannot find module '@radix-ui/react-aspect-ratio' or its corresponding type declarations.
src/components/ui/avatar.tsx(2,34): error TS2307: Cannot find module '@radix-ui/react-avatar' or its corresponding type declarations.
src/components/ui/calendar.tsx(3,27): error TS2307: Cannot find module 'react-day-picker' or its corresponding type declarations.
src/components/ui/calendar.tsx(45,20): error TS6133: '_props' is declared but its value is never read.
src/components/ui/calendar.tsx(46,21): error TS6133: '_props' is declared but its value is never read.
src/components/ui/carousel.tsx(2,61): error TS2307: Cannot find module 'embla-carousel-react' or its corresponding type declarations.
src/components/ui/chart.tsx(2,36): error TS2307: Cannot find module 'recharts' or its corresponding type declarations.
src/components/ui/chart.tsx(163,25): error TS7006: Parameter 'item' implicitly has an 'any' type.
src/components/ui/chart.tsx(163,31): error TS7006: Parameter 'index' implicitly has an 'any' type.
src/components/ui/chart.tsx(249,21): error TS7006: Parameter 'item' implicitly has an 'any' type.
src/components/ui/checkbox.tsx(2,36): error TS2307: Cannot find module '@radix-ui/react-checkbox' or its corresponding type declarations.
src/components/ui/collapsible.tsx(1,39): error TS2307: Cannot find module '@radix-ui/react-collapsible' or its corresponding type declarations.
src/components/ui/command.tsx(2,34): error TS2307: Cannot find module '@radix-ui/react-dialog' or its corresponding type declarations.
src/components/ui/command.tsx(3,45): error TS2307: Cannot find module 'cmdk' or its corresponding type declarations.
src/components/ui/command.tsx(26,26): error TS2339: Property 'children' does not exist on type 'CommandDialogProps'.
src/components/ui/context-menu.tsx(2,39): error TS2307: Cannot find module '@radix-ui/react-context-menu' or its corresponding type declarations.
src/components/ui/dialog.tsx(2,34): error TS2307: Cannot find module '@radix-ui/react-dialog' or its corresponding type declarations.
src/components/ui/drawer.tsx(2,43): error TS2307: Cannot find module 'vaul' or its corresponding type declarations.
src/components/ui/dropdown-menu.tsx(2,40): error TS2307: Cannot find module '@radix-ui/react-dropdown-menu' or its corresponding type declarations.
src/components/ui/form.tsx(2,33): error TS2307: Cannot find module '@radix-ui/react-label' or its corresponding type declarations.
src/components/ui/form.tsx(4,99): error TS2307: Cannot find module 'react-hook-form' or its corresponding type declarations.
src/components/ui/hover-card.tsx(2,37): error TS2307: Cannot find module '@radix-ui/react-hover-card' or its corresponding type declarations.
src/components/ui/input-otp.tsx(2,43): error TS2307: Cannot find module 'input-otp' or its corresponding type declarations.
src/components/ui/input-otp.tsx(29,44): error TS18046: 'inputOTPContext' is of type 'unknown'.
src/components/ui/label.tsx(2,33): error TS2307: Cannot find module '@radix-ui/react-label' or its corresponding type declarations.
src/components/ui/menubar.tsx(2,35): error TS2307: Cannot find module '@radix-ui/react-menubar' or its corresponding type declarations.
src/components/ui/navigation-menu.tsx(2,42): error TS2307: Cannot find module '@radix-ui/react-navigation-menu' or its corresponding type declarations.
src/components/ui/popover.tsx(2,35): error TS2307: Cannot find module '@radix-ui/react-popover' or its corresponding type declarations.
src/components/ui/progress.tsx(2,36): error TS2307: Cannot find module '@radix-ui/react-progress' or its corresponding type declarations.
src/components/ui/radio-group.tsx(2,38): error TS2307: Cannot find module '@radix-ui/react-radio-group' or its corresponding type declarations.
src/components/ui/resizable.tsx(2,37): error TS2307: Cannot find module 'react-resizable-panels' or its corresponding type declarations.
src/components/ui/scroll-area.tsx(2,38): error TS2307: Cannot find module '@radix-ui/react-scroll-area' or its corresponding type declarations.
src/components/ui/select.tsx(2,34): error TS2307: Cannot find module '@radix-ui/react-select' or its corresponding type declarations.
src/components/ui/separator.tsx(2,37): error TS2307: Cannot find module '@radix-ui/react-separator' or its corresponding type declarations.
src/components/ui/sheet.tsx(1,33): error TS2307: Cannot find module '@radix-ui/react-dialog' or its corresponding type declarations.
src/components/ui/sheet.tsx(55,22): error TS2339: Property 'className' does not exist on type 'SheetContentProps'.
src/components/ui/sheet.tsx(55,33): error TS2339: Property 'children' does not exist on type 'SheetContentProps'.
src/components/ui/sidebar.tsx(156,10): error TS2322: Type '{ children: Element; "data-sidebar": string; "data-mobile": string; className: string; style: CSSProperties; side: "right" | "left"; }' is not assignable to type 'IntrinsicAttributes & SheetContentProps & RefAttributes<any>'.
  Property 'children' does not exist on type 'IntrinsicAttributes & SheetContentProps & RefAttributes<any>'.
src/components/ui/slider.tsx(2,34): error TS2307: Cannot find module '@radix-ui/react-slider' or its corresponding type declarations.
src/components/ui/sonner.tsx(1,26): error TS2307: Cannot find module 'next-themes' or its corresponding type declarations.
src/components/ui/switch.tsx(2,35): error TS2307: Cannot find module '@radix-ui/react-switch' or its corresponding type declarations.
src/components/ui/tabs.tsx(2,32): error TS2307: Cannot find module '@radix-ui/react-tabs' or its corresponding type declarations.
src/components/ui/toggle-group.tsx(2,39): error TS2307: Cannot find module '@radix-ui/react-toggle-group' or its corresponding type declarations.
src/components/ui/toggle.tsx(2,34): error TS2307: Cannot find module '@radix-ui/react-toggle' or its corresponding type declarations.
src/pages/Booking.tsx(16,24): error TS2307: Cannot find module 'date-fns' or its corresponding type declarations.
src/pages/Booking.tsx(19,19): error TS2307: Cannot find module 'zod' or its corresponding type declarations.
src/pages/Booking.tsx(63,10): error TS6133: 'timeRemaining' is declared but its value is never read.
src/pages/Booking.tsx(79,9): error TS6133: 'formatTime' is declared but its value is never read.
src/pages/Booking.tsx(114,9): error TS18046: 'err' is of type 'unknown'.
src/pages/Booking.tsx(114,29): error TS7006: Parameter 'eItem' implicitly has an 'any' type.
src/pages/Booking.tsx(235,34): error TS7006: Parameter 'date' implicitly has an 'any' type.
src/pages/Booking.tsx(236,34): error TS7006: Parameter 'date' implicitly has an 'any' type.
src/pages/Booking.tsx(269,35): error TS7006: Parameter 'value' implicitly has an 'any' type.
src/pages/MaharashtraExplorer.tsx(1,1): error TS6192: All imports in import declaration are unused.
src/pages/MaharashtraExplorer.tsx(2,40): error TS6133: 'Utensils' is declared but its value is never read.
src/pages/MaharashtraExplorer.tsx(2,56): error TS6133: 'MapPin' is declared but its value is never read.
src/pages/MaharashtraExplorer.tsx(2,64): error TS6133: 'Camera' is declared but its value is never read.
src/pages/MaharashtraExplorer.tsx(2,79): error TS6133: 'Building2' is declared but its value is never read.
src/pages/MaharashtraExplorer.tsx(2,90): error TS6133: 'Mountain' is declared but its value is never read.
src/pages/MaharashtraExplorer.tsx(2,110): error TS6133: 'Coffee' is declared but its value is never read.
src/pages/MeghalayaExplorer.tsx(2,62): error TS6133: 'Utensils' is declared but its value is never read.
src/pages/MizoramExplorer.tsx(2,65): error TS6133: 'Utensils' is declared but its value is never read.
src/pages/PuducherryExplorer.tsx(1,1): error TS6192: All imports in import declaration are unused.
src/pages/PuducherryExplorer.tsx(2,21): error TS6133: 'MapPin' is declared but its value is never read.
src/pages/PuducherryExplorer.tsx(2,29): error TS6133: 'Coffee' is declared but its value is never read.
src/pages/PuducherryExplorer.tsx(2,37): error TS6133: 'Utensils' is declared but its value is never read.
src/pages/PuducherryExplorer.tsx(2,47): error TS6133: 'Mountain' is declared but its value is never read.
src/pages/PuducherryExplorer.tsx(2,57): error TS6133: 'Umbrella' is declared but its value is never read.
src/pages/RajasthanExplorer.tsx(2,1): error TS6133: 'React' is declared but its value is never read.
src/pages/TripuraExplorer.tsx(2,51): error TS6133: 'Utensils' is declared but its value is never read.
src/pages/WestBengalExplorer.tsx(2,58): error TS6133: 'Utensils' is declared but its value is never read.
